../Drivers/API/Src/API_LCD.c:50:6:HD44780_Init	16	static
../Drivers/API/Src/API_LCD.c:105:6:HD44780_Clear	8	static
../Drivers/API/Src/API_LCD.c:111:6:HD44780_Home	8	static
../Drivers/API/Src/API_LCD.c:117:6:HD44780_SetCursor	40	static
../Drivers/API/Src/API_LCD.c:127:6:HD44780_NoDisplay	8	static
../Drivers/API/Src/API_LCD.c:133:6:HD44780_Display	8	static
../Drivers/API/Src/API_LCD.c:139:6:HD44780_NoCursor	8	static
../Drivers/API/Src/API_LCD.c:145:6:HD44780_Cursor	8	static
../Drivers/API/Src/API_LCD.c:151:6:HD44780_NoBlink	8	static
../Drivers/API/Src/API_LCD.c:157:6:HD44780_Blink	8	static
../Drivers/API/Src/API_LCD.c:163:6:HD44780_ScrollDisplayLeft	8	static
../Drivers/API/Src/API_LCD.c:168:6:HD44780_ScrollDisplayRight	8	static
../Drivers/API/Src/API_LCD.c:173:6:HD44780_LeftToRight	8	static
../Drivers/API/Src/API_LCD.c:179:6:HD44780_RightToLeft	8	static
../Drivers/API/Src/API_LCD.c:185:6:HD44780_AutoScroll	8	static
../Drivers/API/Src/API_LCD.c:191:6:HD44780_NoAutoScroll	8	static
../Drivers/API/Src/API_LCD.c:197:6:HD44780_CreateSpecialChar	24	static
../Drivers/API/Src/API_LCD.c:207:6:HD44780_PrintSpecialChar	16	static
../Drivers/API/Src/API_LCD.c:212:6:HD44780_LoadCustomCharacter	16	static
../Drivers/API/Src/API_LCD.c:217:6:HD44780_PrintStr	16	static
../Drivers/API/Src/API_LCD.c:222:6:HD44780_SetBacklight	16	static
../Drivers/API/Src/API_LCD.c:228:6:HD44780_NoBacklight	8	static
../Drivers/API/Src/API_LCD.c:234:6:HD44780_Backlight	8	static
../Drivers/API/Src/API_LCD.c:240:13:SendCommand	16	static
../Drivers/API/Src/API_LCD.c:245:13:SendChar	16	static
../Drivers/API/Src/API_LCD.c:250:13:Send	24	static
../Drivers/API/Src/API_LCD.c:258:13:Write4Bits	16	static
../Drivers/API/Src/API_LCD.c:264:13:ExpanderWrite	32	static
../Drivers/API/Src/API_LCD.c:270:13:PulseEnable	16	static
../Drivers/API/Src/API_LCD.c:279:13:DelayInit	4	static,ignoring_inline_asm
../Drivers/API/Src/API_LCD.c:295:13:DelayUS	32	static
